// Jest Snapshot v1, https://goo.gl/fbAQLP

exports[`Trigger enables a single day on click 1`] = `
<div>
  <Input
    label="experiments:triggerType"
    onChange={[Function]}
    required={true}
    select={true}
    value={1}
    variant="outlined"
  >
    <WithStyles(MenuItem)
      key="0"
      value={0}
    >
      experiments:triggerTypeEnum.periodic
    </WithStyles(MenuItem)>
    <WithStyles(MenuItem)
      key="1"
      value={1}
    >
      experiments:triggerTypeEnum.cron
    </WithStyles(MenuItem)>
  </Input>
  <div>
    <Input
      label="experiments:maxConcurrentRuns"
      onChange={[Function]}
      required={true}
      value="10"
      variant="outlined"
    />
    <div
      className="flex"
    >
      <WithStyles(WithFormControlContext(FormControlLabel))
        control={
          <WithStyles(Checkbox)
            checked={false}
            color="primary"
            onClick={[Function]}
          />
        }
        label="experiments:hasStartDate"
      />
      <Input
        InputLabelProps={
          Object {
            "classes": Object {
              "outlined": "noMargin",
            },
            "shrink": true,
          }
        }
        label="common:startDate"
        onChange={[Function]}
        style={
          Object {
            "visibility": "hidden",
          }
        }
        type="date"
        value="2018-12-21"
        variant="outlined"
        width={160}
      />
      <Separator />
      <Input
        InputLabelProps={
          Object {
            "classes": Object {
              "outlined": "noMargin",
            },
            "shrink": true,
          }
        }
        label="common:startTime"
        onChange={[Function]}
        style={
          Object {
            "visibility": "hidden",
          }
        }
        type="time"
        value="07:53"
        variant="outlined"
        width={120}
      />
    </div>
    <div
      className="alert"
      data-testid="startTimeMessage"
      style={
        Object {
          "visibility": "hidden",
        }
      }
    />
    <div
      className="flex"
    >
      <WithStyles(WithFormControlContext(FormControlLabel))
        control={
          <WithStyles(Checkbox)
            checked={false}
            color="primary"
            onClick={[Function]}
          />
        }
        label="experiments:hasEndDate"
      />
      <Input
        InputLabelProps={
          Object {
            "classes": Object {
              "outlined": "noMargin",
            },
            "shrink": true,
          }
        }
        label="common:endDate"
        onChange={[Function]}
        style={
          Object {
            "visibility": "hidden",
          }
        }
        type="date"
        value="2018-12-28"
        variant="outlined"
        width={160}
      />
      <Separator />
      <Input
        InputLabelProps={
          Object {
            "classes": Object {
              "outlined": "noMargin",
            },
            "shrink": true,
          }
        }
        label="common:endTime"
        onChange={[Function]}
        style={
          Object {
            "visibility": "hidden",
          }
        }
        type="time"
        value="07:53"
        variant="outlined"
        width={120}
      />
    </div>
    <div
      className="alert"
      data-testid="endTimeMessage"
      style={
        Object {
          "visibility": "hidden",
        }
      }
    />
    <span
      className="flex"
    >
      <WithStyles(WithFormControlContext(FormControlLabel))
        control={
          <WithStyles(Checkbox)
            checked={true}
            color="primary"
            onClick={[Function]}
          />
        }
        label="experiments:catchup"
      />
      <HelpButton
        helpText={
          <div>
            <p>
              experiments:catchupHelpText1
            </p>
            <p>
              experiments:catchupHelpText2
            </p>
            <p>
              experiments:catchupHelpText3
            </p>
          </div>
        }
      />
    </span>
    <span
      className="flex"
    >
      experiments:runEvery
      <Separator />
      <Input
        height={30}
        onChange={[Function]}
        required={true}
        select={true}
        value="experiments:periodicIntervalEnum.week"
        variant="outlined"
        width={95}
      >
        <WithStyles(MenuItem)
          key="0"
          value="experiments:periodicIntervalEnum.minute"
        >
          experiments:periodicIntervalEnum.minute
        </WithStyles(MenuItem)>
        <WithStyles(MenuItem)
          key="1"
          value="experiments:periodicIntervalEnum.hour"
        >
          experiments:periodicIntervalEnum.hour
        </WithStyles(MenuItem)>
        <WithStyles(MenuItem)
          key="2"
          value="experiments:periodicIntervalEnum.day"
        >
          experiments:periodicIntervalEnum.day
        </WithStyles(MenuItem)>
        <WithStyles(MenuItem)
          key="3"
          value="experiments:periodicIntervalEnum.week"
        >
          experiments:periodicIntervalEnum.week
        </WithStyles(MenuItem)>
        <WithStyles(MenuItem)
          key="4"
          value="experiments:periodicIntervalEnum.month"
        >
          experiments:periodicIntervalEnum.month
        </WithStyles(MenuItem)>
      </Input>
    </span>
  </div>
  <div>
    <div>
      <span>
        common:on
        :
      </span>
      <WithStyles(WithFormControlContext(FormControlLabel))
        control={
          <WithStyles(Checkbox)
            checked={false}
            color="primary"
            onClick={[Function]}
          />
        }
        label="common:all"
      />
      <Separator />
      <WithStyles(Button)
        color="primary"
        key="0"
        mini={true}
        onClick={[Function]}
        variant="fab"
      >
        S
      </WithStyles(Button)>
      <WithStyles(Button)
        color="secondary"
        key="1"
        mini={true}
        onClick={[Function]}
        variant="fab"
      >
        M
      </WithStyles(Button)>
      <WithStyles(Button)
        color="primary"
        key="2"
        mini={true}
        onClick={[Function]}
        variant="fab"
      >
        T
      </WithStyles(Button)>
      <WithStyles(Button)
        color="secondary"
        key="3"
        mini={true}
        onClick={[Function]}
        variant="fab"
      >
        W
      </WithStyles(Button)>
      <WithStyles(Button)
        color="primary"
        key="4"
        mini={true}
        onClick={[Function]}
        variant="fab"
      >
        T
      </WithStyles(Button)>
      <WithStyles(Button)
        color="primary"
        key="5"
        mini={true}
        onClick={[Function]}
        variant="fab"
      >
        F
      </WithStyles(Button)>
      <WithStyles(Button)
        color="primary"
        key="6"
        mini={true}
        onClick={[Function]}
        variant="fab"
      >
        S
      </WithStyles(Button)>
    </div>
    <div
      className="flex"
    >
      <WithStyles(WithFormControlContext(FormControlLabel))
        control={
          <WithStyles(Checkbox)
            checked={false}
            color="primary"
            onClick={[Function]}
          />
        }
        label={
          <span>
            experiments:editingCronExpression
             
            <a
              href="https://pkg.go.dev/github.com/robfig/cron#hdr-CRON_Expression_Format"
            >
              common:here
            </a>
            )
          </span>
        }
      />
    </div>
    <Input
      disabled={true}
      label="experiments:cronExpression"
      onChange={[Function]}
      value="0 0 0 ? * 0,2,4,5,6"
      variant="outlined"
      width={300}
    />
    <div>
      experiments:noteStartEndDateCron
    </div>
  </div>
</div>
`;

exports[`Trigger renders all week days enabled 1`] = `
<div>
  <Input
    label="experiments:triggerType"
    onChange={[Function]}
    required={true}
    select={true}
    value={1}
    variant="outlined"
  >
    <WithStyles(MenuItem)
      key="0"
      value={0}
    >
      experiments:triggerTypeEnum.periodic
    </WithStyles(MenuItem)>
    <WithStyles(MenuItem)
      key="1"
      value={1}
    >
      experiments:triggerTypeEnum.cron
    </WithStyles(MenuItem)>
  </Input>
  <div>
    <Input
      label="experiments:maxConcurrentRuns"
      onChange={[Function]}
      required={true}
      value="10"
      variant="outlined"
    />
    <div
      className="flex"
    >
      <WithStyles(WithFormControlContext(FormControlLabel))
        control={
          <WithStyles(Checkbox)
            checked={false}
            color="primary"
            onClick={[Function]}
          />
        }
        label="experiments:hasStartDate"
      />
      <Input
        InputLabelProps={
          Object {
            "classes": Object {
              "outlined": "noMargin",
            },
            "shrink": true,
          }
        }
        label="common:startDate"
        onChange={[Function]}
        style={
          Object {
            "visibility": "hidden",
          }
        }
        type="date"
        value="2018-12-21"
        variant="outlined"
        width={160}
      />
      <Separator />
      <Input
        InputLabelProps={
          Object {
            "classes": Object {
              "outlined": "noMargin",
            },
            "shrink": true,
          }
        }
        label="common:startTime"
        onChange={[Function]}
        style={
          Object {
            "visibility": "hidden",
          }
        }
        type="time"
        value="07:53"
        variant="outlined"
        width={120}
      />
    </div>
    <div
      className="alert"
      data-testid="startTimeMessage"
      style={
        Object {
          "visibility": "hidden",
        }
      }
    />
    <div
      className="flex"
    >
      <WithStyles(WithFormControlContext(FormControlLabel))
        control={
          <WithStyles(Checkbox)
            checked={false}
            color="primary"
            onClick={[Function]}
          />
        }
        label="experiments:hasEndDate"
      />
      <Input
        InputLabelProps={
          Object {
            "classes": Object {
              "outlined": "noMargin",
            },
            "shrink": true,
          }
        }
        label="common:endDate"
        onChange={[Function]}
        style={
          Object {
            "visibility": "hidden",
          }
        }
        type="date"
        value="2018-12-28"
        variant="outlined"
        width={160}
      />
      <Separator />
      <Input
        InputLabelProps={
          Object {
            "classes": Object {
              "outlined": "noMargin",
            },
            "shrink": true,
          }
        }
        label="common:endTime"
        onChange={[Function]}
        style={
          Object {
            "visibility": "hidden",
          }
        }
        type="time"
        value="07:53"
        variant="outlined"
        width={120}
      />
    </div>
    <div
      className="alert"
      data-testid="endTimeMessage"
      style={
        Object {
          "visibility": "hidden",
        }
      }
    />
    <span
      className="flex"
    >
      <WithStyles(WithFormControlContext(FormControlLabel))
        control={
          <WithStyles(Checkbox)
            checked={true}
            color="primary"
            onClick={[Function]}
          />
        }
        label="experiments:catchup"
      />
      <HelpButton
        helpText={
          <div>
            <p>
              experiments:catchupHelpText1
            </p>
            <p>
              experiments:catchupHelpText2
            </p>
            <p>
              experiments:catchupHelpText3
            </p>
          </div>
        }
      />
    </span>
    <span
      className="flex"
    >
      experiments:runEvery
      <Separator />
      <Input
        height={30}
        onChange={[Function]}
        required={true}
        select={true}
        value="experiments:periodicIntervalEnum.week"
        variant="outlined"
        width={95}
      >
        <WithStyles(MenuItem)
          key="0"
          value="experiments:periodicIntervalEnum.minute"
        >
          experiments:periodicIntervalEnum.minute
        </WithStyles(MenuItem)>
        <WithStyles(MenuItem)
          key="1"
          value="experiments:periodicIntervalEnum.hour"
        >
          experiments:periodicIntervalEnum.hour
        </WithStyles(MenuItem)>
        <WithStyles(MenuItem)
          key="2"
          value="experiments:periodicIntervalEnum.day"
        >
          experiments:periodicIntervalEnum.day
        </WithStyles(MenuItem)>
        <WithStyles(MenuItem)
          key="3"
          value="experiments:periodicIntervalEnum.week"
        >
          experiments:periodicIntervalEnum.week
        </WithStyles(MenuItem)>
        <WithStyles(MenuItem)
          key="4"
          value="experiments:periodicIntervalEnum.month"
        >
          experiments:periodicIntervalEnum.month
        </WithStyles(MenuItem)>
      </Input>
    </span>
  </div>
  <div>
    <div>
      <span>
        common:on
        :
      </span>
      <WithStyles(WithFormControlContext(FormControlLabel))
        control={
          <WithStyles(Checkbox)
            checked={false}
            color="primary"
            onClick={[Function]}
          />
        }
        label="common:all"
      />
      <Separator />
      <WithStyles(Button)
        color="secondary"
        key="0"
        mini={true}
        onClick={[Function]}
        variant="fab"
      >
        S
      </WithStyles(Button)>
      <WithStyles(Button)
        color="secondary"
        key="1"
        mini={true}
        onClick={[Function]}
        variant="fab"
      >
        M
      </WithStyles(Button)>
      <WithStyles(Button)
        color="secondary"
        key="2"
        mini={true}
        onClick={[Function]}
        variant="fab"
      >
        T
      </WithStyles(Button)>
      <WithStyles(Button)
        color="secondary"
        key="3"
        mini={true}
        onClick={[Function]}
        variant="fab"
      >
        W
      </WithStyles(Button)>
      <WithStyles(Button)
        color="secondary"
        key="4"
        mini={true}
        onClick={[Function]}
        variant="fab"
      >
        T
      </WithStyles(Button)>
      <WithStyles(Button)
        color="secondary"
        key="5"
        mini={true}
        onClick={[Function]}
        variant="fab"
      >
        F
      </WithStyles(Button)>
      <WithStyles(Button)
        color="secondary"
        key="6"
        mini={true}
        onClick={[Function]}
        variant="fab"
      >
        S
      </WithStyles(Button)>
    </div>
    <div
      className="flex"
    >
      <WithStyles(WithFormControlContext(FormControlLabel))
        control={
          <WithStyles(Checkbox)
            checked={false}
            color="primary"
            onClick={[Function]}
          />
        }
        label={
          <span>
            experiments:editingCronExpression
             
            <a
              href="https://pkg.go.dev/github.com/robfig/cron#hdr-CRON_Expression_Format"
            >
              common:here
            </a>
            )
          </span>
        }
      />
    </div>
    <Input
      disabled={true}
      label="experiments:cronExpression"
      onChange={[Function]}
      value="0 0 0 ? *"
      variant="outlined"
      width={300}
    />
    <div>
      experiments:noteStartEndDateCron
    </div>
  </div>
</div>
`;

exports[`Trigger renders periodic schedule controls for initial render 1`] = `
<div>
  <Input
    label="experiments:triggerType"
    onChange={[Function]}
    required={true}
    select={true}
    value={0}
    variant="outlined"
  >
    <WithStyles(MenuItem)
      key="0"
      value={0}
    >
      experiments:triggerTypeEnum.periodic
    </WithStyles(MenuItem)>
    <WithStyles(MenuItem)
      key="1"
      value={1}
    >
      experiments:triggerTypeEnum.cron
    </WithStyles(MenuItem)>
  </Input>
  <div>
    <Input
      label="experiments:maxConcurrentRuns"
      onChange={[Function]}
      required={true}
      value="10"
      variant="outlined"
    />
    <div
      className="flex"
    >
      <WithStyles(WithFormControlContext(FormControlLabel))
        control={
          <WithStyles(Checkbox)
            checked={false}
            color="primary"
            onClick={[Function]}
          />
        }
        label="experiments:hasStartDate"
      />
      <Input
        InputLabelProps={
          Object {
            "classes": Object {
              "outlined": "noMargin",
            },
            "shrink": true,
          }
        }
        label="common:startDate"
        onChange={[Function]}
        style={
          Object {
            "visibility": "hidden",
          }
        }
        type="date"
        value="2018-12-21"
        variant="outlined"
        width={160}
      />
      <Separator />
      <Input
        InputLabelProps={
          Object {
            "classes": Object {
              "outlined": "noMargin",
            },
            "shrink": true,
          }
        }
        label="common:startTime"
        onChange={[Function]}
        style={
          Object {
            "visibility": "hidden",
          }
        }
        type="time"
        value="07:53"
        variant="outlined"
        width={120}
      />
    </div>
    <div
      className="alert"
      data-testid="startTimeMessage"
      style={
        Object {
          "visibility": "hidden",
        }
      }
    />
    <div
      className="flex"
    >
      <WithStyles(WithFormControlContext(FormControlLabel))
        control={
          <WithStyles(Checkbox)
            checked={false}
            color="primary"
            onClick={[Function]}
          />
        }
        label="experiments:hasEndDate"
      />
      <Input
        InputLabelProps={
          Object {
            "classes": Object {
              "outlined": "noMargin",
            },
            "shrink": true,
          }
        }
        label="common:endDate"
        onChange={[Function]}
        style={
          Object {
            "visibility": "hidden",
          }
        }
        type="date"
        value="2018-12-28"
        variant="outlined"
        width={160}
      />
      <Separator />
      <Input
        InputLabelProps={
          Object {
            "classes": Object {
              "outlined": "noMargin",
            },
            "shrink": true,
          }
        }
        label="common:endTime"
        onChange={[Function]}
        style={
          Object {
            "visibility": "hidden",
          }
        }
        type="time"
        value="07:53"
        variant="outlined"
        width={120}
      />
    </div>
    <div
      className="alert"
      data-testid="endTimeMessage"
      style={
        Object {
          "visibility": "hidden",
        }
      }
    />
    <span
      className="flex"
    >
      <WithStyles(WithFormControlContext(FormControlLabel))
        control={
          <WithStyles(Checkbox)
            checked={true}
            color="primary"
            onClick={[Function]}
          />
        }
        label="experiments:catchup"
      />
      <HelpButton
        helpText={
          <div>
            <p>
              experiments:catchupHelpText1
            </p>
            <p>
              experiments:catchupHelpText2
            </p>
            <p>
              experiments:catchupHelpText3
            </p>
          </div>
        }
      />
    </span>
    <span
      className="flex"
    >
      experiments:runEvery
      <div
        className="flex"
      >
        <Separator />
        <Input
          error={false}
          height={30}
          onChange={[Function]}
          required={true}
          type="number"
          value={1}
          variant="outlined"
          width={65}
        />
      </div>
      <Separator />
      <Input
        height={30}
        onChange={[Function]}
        required={true}
        select={true}
        value="experiments:periodicIntervalEnum.minute"
        variant="outlined"
        width={95}
      >
        <WithStyles(MenuItem)
          key="0"
          value="experiments:periodicIntervalEnum.minute"
        >
          experiments:periodicIntervalEnum.minute
        </WithStyles(MenuItem)>
        <WithStyles(MenuItem)
          key="1"
          value="experiments:periodicIntervalEnum.hour"
        >
          experiments:periodicIntervalEnum.hour
        </WithStyles(MenuItem)>
        <WithStyles(MenuItem)
          key="2"
          value="experiments:periodicIntervalEnum.day"
        >
          experiments:periodicIntervalEnum.day
        </WithStyles(MenuItem)>
        <WithStyles(MenuItem)
          key="3"
          value="experiments:periodicIntervalEnum.week"
        >
          experiments:periodicIntervalEnum.week
        </WithStyles(MenuItem)>
        <WithStyles(MenuItem)
          key="4"
          value="experiments:periodicIntervalEnum.month"
        >
          experiments:periodicIntervalEnum.month
        </WithStyles(MenuItem)>
      </Input>
    </span>
  </div>
</div>
`;

exports[`Trigger renders periodic schedule controls if the trigger type is CRON 1`] = `
<div>
  <Input
    label="experiments:triggerType"
    onChange={[Function]}
    required={true}
    select={true}
    value={1}
    variant="outlined"
  >
    <WithStyles(MenuItem)
      key="0"
      value={0}
    >
      experiments:triggerTypeEnum.periodic
    </WithStyles(MenuItem)>
    <WithStyles(MenuItem)
      key="1"
      value={1}
    >
      experiments:triggerTypeEnum.cron
    </WithStyles(MenuItem)>
  </Input>
  <div>
    <Input
      label="experiments:maxConcurrentRuns"
      onChange={[Function]}
      required={true}
      value="10"
      variant="outlined"
    />
    <div
      className="flex"
    >
      <WithStyles(WithFormControlContext(FormControlLabel))
        control={
          <WithStyles(Checkbox)
            checked={false}
            color="primary"
            onClick={[Function]}
          />
        }
        label="experiments:hasStartDate"
      />
      <Input
        InputLabelProps={
          Object {
            "classes": Object {
              "outlined": "noMargin",
            },
            "shrink": true,
          }
        }
        label="common:startDate"
        onChange={[Function]}
        style={
          Object {
            "visibility": "hidden",
          }
        }
        type="date"
        value="2018-12-21"
        variant="outlined"
        width={160}
      />
      <Separator />
      <Input
        InputLabelProps={
          Object {
            "classes": Object {
              "outlined": "noMargin",
            },
            "shrink": true,
          }
        }
        label="common:startTime"
        onChange={[Function]}
        style={
          Object {
            "visibility": "hidden",
          }
        }
        type="time"
        value="07:53"
        variant="outlined"
        width={120}
      />
    </div>
    <div
      className="alert"
      data-testid="startTimeMessage"
      style={
        Object {
          "visibility": "hidden",
        }
      }
    />
    <div
      className="flex"
    >
      <WithStyles(WithFormControlContext(FormControlLabel))
        control={
          <WithStyles(Checkbox)
            checked={false}
            color="primary"
            onClick={[Function]}
          />
        }
        label="experiments:hasEndDate"
      />
      <Input
        InputLabelProps={
          Object {
            "classes": Object {
              "outlined": "noMargin",
            },
            "shrink": true,
          }
        }
        label="common:endDate"
        onChange={[Function]}
        style={
          Object {
            "visibility": "hidden",
          }
        }
        type="date"
        value="2018-12-28"
        variant="outlined"
        width={160}
      />
      <Separator />
      <Input
        InputLabelProps={
          Object {
            "classes": Object {
              "outlined": "noMargin",
            },
            "shrink": true,
          }
        }
        label="common:endTime"
        onChange={[Function]}
        style={
          Object {
            "visibility": "hidden",
          }
        }
        type="time"
        value="07:53"
        variant="outlined"
        width={120}
      />
    </div>
    <div
      className="alert"
      data-testid="endTimeMessage"
      style={
        Object {
          "visibility": "hidden",
        }
      }
    />
    <span
      className="flex"
    >
      <WithStyles(WithFormControlContext(FormControlLabel))
        control={
          <WithStyles(Checkbox)
            checked={true}
            color="primary"
            onClick={[Function]}
          />
        }
        label="experiments:catchup"
      />
      <HelpButton
        helpText={
          <div>
            <p>
              experiments:catchupHelpText1
            </p>
            <p>
              experiments:catchupHelpText2
            </p>
            <p>
              experiments:catchupHelpText3
            </p>
          </div>
        }
      />
    </span>
    <span
      className="flex"
    >
      experiments:runEvery
      <Separator />
      <Input
        height={30}
        onChange={[Function]}
        required={true}
        select={true}
        value="experiments:periodicIntervalEnum.minute"
        variant="outlined"
        width={95}
      >
        <WithStyles(MenuItem)
          key="0"
          value="experiments:periodicIntervalEnum.minute"
        >
          experiments:periodicIntervalEnum.minute
        </WithStyles(MenuItem)>
        <WithStyles(MenuItem)
          key="1"
          value="experiments:periodicIntervalEnum.hour"
        >
          experiments:periodicIntervalEnum.hour
        </WithStyles(MenuItem)>
        <WithStyles(MenuItem)
          key="2"
          value="experiments:periodicIntervalEnum.day"
        >
          experiments:periodicIntervalEnum.day
        </WithStyles(MenuItem)>
        <WithStyles(MenuItem)
          key="3"
          value="experiments:periodicIntervalEnum.week"
        >
          experiments:periodicIntervalEnum.week
        </WithStyles(MenuItem)>
        <WithStyles(MenuItem)
          key="4"
          value="experiments:periodicIntervalEnum.month"
        >
          experiments:periodicIntervalEnum.month
        </WithStyles(MenuItem)>
      </Input>
    </span>
  </div>
  <div>
    <div
      className="flex"
    >
      <WithStyles(WithFormControlContext(FormControlLabel))
        control={
          <WithStyles(Checkbox)
            checked={false}
            color="primary"
            onClick={[Function]}
          />
        }
        label={
          <span>
            experiments:editingCronExpression
             
            <a
              href="https://pkg.go.dev/github.com/robfig/cron#hdr-CRON_Expression_Format"
            >
              common:here
            </a>
            )
          </span>
        }
      />
    </div>
    <Input
      disabled={true}
      label="experiments:cronExpression"
      onChange={[Function]}
      value="0 * * * * ?"
      variant="outlined"
      width={300}
    />
    <div>
      experiments:noteStartEndDateCron
    </div>
  </div>
</div>
`;

exports[`Trigger renders week days if the trigger type is CRON and interval is weekly 1`] = `
<div>
  <Input
    label="experiments:triggerType"
    onChange={[Function]}
    required={true}
    select={true}
    value={1}
    variant="outlined"
  >
    <WithStyles(MenuItem)
      key="0"
      value={0}
    >
      experiments:triggerTypeEnum.periodic
    </WithStyles(MenuItem)>
    <WithStyles(MenuItem)
      key="1"
      value={1}
    >
      experiments:triggerTypeEnum.cron
    </WithStyles(MenuItem)>
  </Input>
  <div>
    <Input
      label="experiments:maxConcurrentRuns"
      onChange={[Function]}
      required={true}
      value="10"
      variant="outlined"
    />
    <div
      className="flex"
    >
      <WithStyles(WithFormControlContext(FormControlLabel))
        control={
          <WithStyles(Checkbox)
            checked={false}
            color="primary"
            onClick={[Function]}
          />
        }
        label="experiments:hasStartDate"
      />
      <Input
        InputLabelProps={
          Object {
            "classes": Object {
              "outlined": "noMargin",
            },
            "shrink": true,
          }
        }
        label="common:startDate"
        onChange={[Function]}
        style={
          Object {
            "visibility": "hidden",
          }
        }
        type="date"
        value="2018-12-21"
        variant="outlined"
        width={160}
      />
      <Separator />
      <Input
        InputLabelProps={
          Object {
            "classes": Object {
              "outlined": "noMargin",
            },
            "shrink": true,
          }
        }
        label="common:startTime"
        onChange={[Function]}
        style={
          Object {
            "visibility": "hidden",
          }
        }
        type="time"
        value="07:53"
        variant="outlined"
        width={120}
      />
    </div>
    <div
      className="alert"
      data-testid="startTimeMessage"
      style={
        Object {
          "visibility": "hidden",
        }
      }
    />
    <div
      className="flex"
    >
      <WithStyles(WithFormControlContext(FormControlLabel))
        control={
          <WithStyles(Checkbox)
            checked={false}
            color="primary"
            onClick={[Function]}
          />
        }
        label="experiments:hasEndDate"
      />
      <Input
        InputLabelProps={
          Object {
            "classes": Object {
              "outlined": "noMargin",
            },
            "shrink": true,
          }
        }
        label="common:endDate"
        onChange={[Function]}
        style={
          Object {
            "visibility": "hidden",
          }
        }
        type="date"
        value="2018-12-28"
        variant="outlined"
        width={160}
      />
      <Separator />
      <Input
        InputLabelProps={
          Object {
            "classes": Object {
              "outlined": "noMargin",
            },
            "shrink": true,
          }
        }
        label="common:endTime"
        onChange={[Function]}
        style={
          Object {
            "visibility": "hidden",
          }
        }
        type="time"
        value="07:53"
        variant="outlined"
        width={120}
      />
    </div>
    <div
      className="alert"
      data-testid="endTimeMessage"
      style={
        Object {
          "visibility": "hidden",
        }
      }
    />
    <span
      className="flex"
    >
      <WithStyles(WithFormControlContext(FormControlLabel))
        control={
          <WithStyles(Checkbox)
            checked={true}
            color="primary"
            onClick={[Function]}
          />
        }
        label="experiments:catchup"
      />
      <HelpButton
        helpText={
          <div>
            <p>
              experiments:catchupHelpText1
            </p>
            <p>
              experiments:catchupHelpText2
            </p>
            <p>
              experiments:catchupHelpText3
            </p>
          </div>
        }
      />
    </span>
    <span
      className="flex"
    >
      experiments:runEvery
      <Separator />
      <Input
        height={30}
        onChange={[Function]}
        required={true}
        select={true}
        value="experiments:periodicIntervalEnum.week"
        variant="outlined"
        width={95}
      >
        <WithStyles(MenuItem)
          key="0"
          value="experiments:periodicIntervalEnum.minute"
        >
          experiments:periodicIntervalEnum.minute
        </WithStyles(MenuItem)>
        <WithStyles(MenuItem)
          key="1"
          value="experiments:periodicIntervalEnum.hour"
        >
          experiments:periodicIntervalEnum.hour
        </WithStyles(MenuItem)>
        <WithStyles(MenuItem)
          key="2"
          value="experiments:periodicIntervalEnum.day"
        >
          experiments:periodicIntervalEnum.day
        </WithStyles(MenuItem)>
        <WithStyles(MenuItem)
          key="3"
          value="experiments:periodicIntervalEnum.week"
        >
          experiments:periodicIntervalEnum.week
        </WithStyles(MenuItem)>
        <WithStyles(MenuItem)
          key="4"
          value="experiments:periodicIntervalEnum.month"
        >
          experiments:periodicIntervalEnum.month
        </WithStyles(MenuItem)>
      </Input>
    </span>
  </div>
  <div>
    <div>
      <span>
        common:on
        :
      </span>
      <WithStyles(WithFormControlContext(FormControlLabel))
        control={
          <WithStyles(Checkbox)
            checked={true}
            color="primary"
            onClick={[Function]}
          />
        }
        label="common:all"
      />
      <Separator />
      <WithStyles(Button)
        color="primary"
        key="0"
        mini={true}
        onClick={[Function]}
        variant="fab"
      >
        S
      </WithStyles(Button)>
      <WithStyles(Button)
        color="primary"
        key="1"
        mini={true}
        onClick={[Function]}
        variant="fab"
      >
        M
      </WithStyles(Button)>
      <WithStyles(Button)
        color="primary"
        key="2"
        mini={true}
        onClick={[Function]}
        variant="fab"
      >
        T
      </WithStyles(Button)>
      <WithStyles(Button)
        color="primary"
        key="3"
        mini={true}
        onClick={[Function]}
        variant="fab"
      >
        W
      </WithStyles(Button)>
      <WithStyles(Button)
        color="primary"
        key="4"
        mini={true}
        onClick={[Function]}
        variant="fab"
      >
        T
      </WithStyles(Button)>
      <WithStyles(Button)
        color="primary"
        key="5"
        mini={true}
        onClick={[Function]}
        variant="fab"
      >
        F
      </WithStyles(Button)>
      <WithStyles(Button)
        color="primary"
        key="6"
        mini={true}
        onClick={[Function]}
        variant="fab"
      >
        S
      </WithStyles(Button)>
    </div>
    <div
      className="flex"
    >
      <WithStyles(WithFormControlContext(FormControlLabel))
        control={
          <WithStyles(Checkbox)
            checked={false}
            color="primary"
            onClick={[Function]}
          />
        }
        label={
          <span>
            experiments:editingCronExpression
             
            <a
              href="https://pkg.go.dev/github.com/robfig/cron#hdr-CRON_Expression_Format"
            >
              common:here
            </a>
            )
          </span>
        }
      />
    </div>
    <Input
      disabled={true}
      label="experiments:cronExpression"
      onChange={[Function]}
      value="0 0 0 ? * *"
      variant="outlined"
      width={300}
    />
    <div>
      experiments:noteStartEndDateCron
    </div>
  </div>
</div>
`;
