// Jest Snapshot v1, https://goo.gl/fbAQLP

exports[`AllRunsList renders all runs 1`] = `
<div
  className="page"
>
  <RunList
    hideMetricMetadata={true}
    history={
      Object {
        "push": [MockFunction],
      }
    }
    location=""
    match=""
    onError={[Function]}
    onSelectionChange={[Function]}
    selectedIds={Array []}
    storageState="STORAGESTATE_AVAILABLE"
    t={[Function]}
    toolbarProps={
      Object {
        "actions": Object {
          "archive": Object {
            "action": [Function],
            "disabled": true,
            "disabledTitle": "common:selectResourceArchive",
            "id": "archiveBtn",
            "title": "common:archive",
            "tooltip": "common:archive",
          },
          "cloneRun": Object {
            "action": [Function],
            "disabled": true,
            "disabledTitle": "common:selectRunClone",
            "id": "cloneBtn",
            "style": Object {
              "minWidth": 100,
            },
            "title": "common:cloneRun",
            "tooltip": "common:copyRunInitialState",
          },
          "compare": Object {
            "action": [Function],
            "disabled": true,
            "disabledTitle": "common:selectRunsCompare",
            "id": "compareBtn",
            "style": Object {
              "minWidth": 125,
            },
            "title": "common:compareRuns",
            "tooltip": "common:compareUpToTenRuns",
          },
          "newRun": Object {
            "action": [Function],
            "icon": [Function],
            "id": "createNewRunBtn",
            "outlined": true,
            "primary": true,
            "style": Object {
              "minWidth": 130,
            },
            "title": "common:createRun",
            "tooltip": "common:createNewRun",
          },
          "refresh": Object {
            "action": [Function],
            "id": "refreshBtn",
            "title": "common:refresh",
            "tooltip": "common:refreshList",
          },
        },
        "breadcrumbs": Array [],
        "pageTitle": "common:runs",
        "t": [Function],
      }
    }
    updateBanner={[MockFunction]}
    updateDialog={[MockFunction]}
    updateSnackbar={[MockFunction]}
    updateToolbar={[MockFunction]}
  />
</div>
`;
