// Jest Snapshot v1, https://goo.gl/fbAQLP

exports[`ArchivedRuns renders archived runs 1`] = `
<div
  className="page"
>
  <RunList
    history={
      Object {
        "push": [MockFunction],
      }
    }
    location={Object {}}
    match={Object {}}
    onError={[Function]}
    onSelectionChange={[Function]}
    selectedIds={Array []}
    storageState="STORAGESTATE_ARCHIVED"
    t={[Function]}
    toolbarProps={
      Object {
        "actions": Object {
          "deleteRun": Object {
            "action": [Function],
            "disabled": true,
            "disabledTitle": "common:selectOne run common:toDelete",
            "id": "deleteBtn",
            "title": "common:delete",
            "tooltip": "common:delete",
          },
          "refresh": Object {
            "action": [Function],
            "id": "refreshBtn",
            "title": "common:refresh",
            "tooltip": "common:refreshList",
          },
          "restore": Object {
            "action": [Function],
            "disabled": true,
            "disabledTitle": "common:selectResourceRestore",
            "id": "restoreBtn",
            "title": "common:restore",
            "tooltip": "common:restore",
          },
        },
        "breadcrumbs": Array [],
        "pageTitle": "common:runs",
        "t": [Function],
      }
    }
    updateBanner={[MockFunction]}
    updateDialog={[MockFunction]}
    updateSnackbar={[MockFunction]}
    updateToolbar={[MockFunction]}
  />
</div>
`;
