// Jest Snapshot v1, https://goo.gl/fbAQLP

exports[`GettingStarted page initially renders documentation 1`] = `
<div>
  <div
    class="page kfp-start-page"
  >
    <span>
      home:text
    </span>
  </div>
</div>
`;

exports[`GettingStarted page renders documentation with pipeline deep link after querying demo pipelines 1`] = `
Array [
  Array [
    undefined,
    10,
    undefined,
    "%7B%22predicates%22%3A%5B%7B%22key%22%3A%22name%22%2C%22op%22%3A%22EQUALS%22%2C%22string_value%22%3A%22%5BDemo%5D%20XGBoost%20-%20Iterative%20model%20training%22%7D%5D%7D",
  ],
  Array [
    undefined,
    10,
    undefined,
    "%7B%22predicates%22%3A%5B%7B%22key%22%3A%22name%22%2C%22op%22%3A%22EQUALS%22%2C%22string_value%22%3A%22%5BDemo%5D%20TFX%20-%20Taxi%20tip%20prediction%20model%20trainer%22%7D%5D%7D",
  ],
  Array [
    undefined,
    10,
    undefined,
    "%7B%22predicates%22%3A%5B%7B%22key%22%3A%22name%22%2C%22op%22%3A%22EQUALS%22%2C%22string_value%22%3A%22%5BTutorial%5D%20Data%20passing%20in%20python%20components%22%7D%5D%7D",
  ],
  Array [
    undefined,
    10,
    undefined,
    "%7B%22predicates%22%3A%5B%7B%22key%22%3A%22name%22%2C%22op%22%3A%22EQUALS%22%2C%22string_value%22%3A%22%5BTutorial%5D%20DSL%20-%20Control%20structures%22%7D%5D%7D",
  ],
]
`;
